// Jest Snapshot v1, https://goo.gl/fbAQLP

exports[`Blog Post Content Component Unit Test Snap Shot Testing 1`] = `
<DocumentFragment>
  <div
    class="wrapper"
  >
    <div>
      Snap Shot Test.
    </div>
  </div>
</DocumentFragment>
`;
